// Jest Snapshot v1, https://goo.gl/fbAQLP

exports[`Row should render correctly 1`] = `
<div>
  <div
    class="sc-bdvvtL jEqzPo"
  >
    <div
      class="sc-iCfMLu iTfSee"
    >
      <img
        alt="thumbnail"
        class="sc-furwcr biGNSl"
        src="https://images.pexels.com/photos/6994926/pexels-photo-6994926.jpeg?auto=compress&cs=tinysrgb&dpr=1&fit=crop&h=200&w=280"
      />
      <span
        class="sc-crHmcD coRCSh"
      >
        0:34
      </span>
      <div
        class="sc-pVTFL gnOtnb"
      >
        <span
          class="sc-jrQzAO eteWw"
        >
          Brooklyn
           
          Flatley
        </span>
        <span
          class="sc-kDTinF dbFsyY"
        >
          88
           
          <img
            class="sc-iqseJM gvxPJS"
            src="like.png"
          />
        </span>
      </div>
    </div>
  </div>
</div>
`;
