// Jest Snapshot v1, https://goo.gl/fbAQLP

exports[`Column should render correctly 1`] = `
Object {
  "asFragment": [Function],
  "baseElement": <body>
    <div>
      <div
        class="sc-bdvvtL hURMSy"
      >
        <img
          alt="thumbnail"
          class="sc-gsDKAQ dezHmh"
          src="https://images.pexels.com/photos/6994926/pexels-photo-6994926.jpeg?auto=compress&cs=tinysrgb&dpr=1&fit=crop&h=200&w=280"
        />
        <span
          class="sc-gKclnd RzqHz"
        >
          0:34
        </span>
        <div
          class="sc-dkPtRN ldbGUI"
        >
          <span
            class="sc-hKwDye xhfHd"
          >
            Brooklyn
             
            Flatley
          </span>
          <span
            class="sc-eCImPb bTCXka"
          >
            88
             
            <img
              class="sc-jRQBWg geCTQY"
              src="like.png"
            />
          </span>
        </div>
      </div>
    </div>
  </body>,
  "container": <div>
    <div
      class="sc-bdvvtL hURMSy"
    >
      <img
        alt="thumbnail"
        class="sc-gsDKAQ dezHmh"
        src="https://images.pexels.com/photos/6994926/pexels-photo-6994926.jpeg?auto=compress&cs=tinysrgb&dpr=1&fit=crop&h=200&w=280"
      />
      <span
        class="sc-gKclnd RzqHz"
      >
        0:34
      </span>
      <div
        class="sc-dkPtRN ldbGUI"
      >
        <span
          class="sc-hKwDye xhfHd"
        >
          Brooklyn
           
          Flatley
        </span>
        <span
          class="sc-eCImPb bTCXka"
        >
          88
           
          <img
            class="sc-jRQBWg geCTQY"
            src="like.png"
          />
        </span>
      </div>
    </div>
  </div>,
  "debug": [Function],
  "findAllByAltText": [Function],
  "findAllByDisplayValue": [Function],
  "findAllByLabelText": [Function],
  "findAllByPlaceholderText": [Function],
  "findAllByRole": [Function],
  "findAllByTestId": [Function],
  "findAllByText": [Function],
  "findAllByTitle": [Function],
  "findByAltText": [Function],
  "findByDisplayValue": [Function],
  "findByLabelText": [Function],
  "findByPlaceholderText": [Function],
  "findByRole": [Function],
  "findByTestId": [Function],
  "findByText": [Function],
  "findByTitle": [Function],
  "getAllByAltText": [Function],
  "getAllByDisplayValue": [Function],
  "getAllByLabelText": [Function],
  "getAllByPlaceholderText": [Function],
  "getAllByRole": [Function],
  "getAllByTestId": [Function],
  "getAllByText": [Function],
  "getAllByTitle": [Function],
  "getByAltText": [Function],
  "getByDisplayValue": [Function],
  "getByLabelText": [Function],
  "getByPlaceholderText": [Function],
  "getByRole": [Function],
  "getByTestId": [Function],
  "getByText": [Function],
  "getByTitle": [Function],
  "queryAllByAltText": [Function],
  "queryAllByDisplayValue": [Function],
  "queryAllByLabelText": [Function],
  "queryAllByPlaceholderText": [Function],
  "queryAllByRole": [Function],
  "queryAllByTestId": [Function],
  "queryAllByText": [Function],
  "queryAllByTitle": [Function],
  "queryByAltText": [Function],
  "queryByDisplayValue": [Function],
  "queryByLabelText": [Function],
  "queryByPlaceholderText": [Function],
  "queryByRole": [Function],
  "queryByTestId": [Function],
  "queryByText": [Function],
  "queryByTitle": [Function],
  "rerender": [Function],
  "unmount": [Function],
}
`;
