// Jest Snapshot v1, https://goo.gl/fbAQLP

exports[`Gallery should render correctly 1`] = `
<div>
  <div
    class="sc-bdvvtL"
  >
    <div
      class="infinite-scroll-component__outerdiv"
    >
      <div
        class="infinite-scroll-component "
        style="height: auto; overflow: auto;"
      >
        <h4>
          Loading...
        </h4>
      </div>
    </div>
  </div>
</div>
`;
